// Jest Snapshot v1, https://goo.gl/fbAQLP

exports[`<HomePage /> renders correctly 1`] = `
<div
  className="d-flex flex-column h-70 align-items-center justify-content-center"
>
  <div>
    <div
      className="searchContainer"
    >
      <div
        className="searchBox"
      >
        <form
          className=""
        >
          <input
            id="searchBar"
            onChange={[Function]}
            placeholder="Search a movie"
            type="text"
          />
        </form>
      </div>
    </div>
  </div>
  <div
    className="h-100 w-100 d-flex flex-column bg-light align-items-center justify-content-between "
  >
    <p
      className="mb-0 display-4"
    >
      Search for your favourites films
    </p>
    <div
      className="container w-50 d-flex flex-row align-items-center justify-content-around "
    >
      <img
        src="https://www.bestmovieposters.co.uk/wp-content/uploads/2019/01/4A8ltk8G.jpeg"
        style={
          Object {
            "height": "200px",
            "width": "133px",
          }
        }
      />
      <img
        src="https://www.mauvais-genres.com/26247/avengers-endgame-original-movie-poster-15x21-in-2019-anthony-russo-robert-downey-jr.jpg"
        style={
          Object {
            "height": "200px",
            "width": "133px",
          }
        }
      />
      <img
        src="https://images-na.ssl-images-amazon.com/images/I/41a0nad8wPL._AC_.jpg"
        style={
          Object {
            "height": "200px",
            "width": "133px",
          }
        }
      />
    </div>
    <p
      className="display-3"
    >
      â†“
    </p>
    <p
      className="display-4"
    >
      Add them to mood-specific lists
    </p>
    <div
      className="container w-50 d-flex flex-row align-items-center justify-content-around"
    >
      <p
        className="display-1"
      >
        ðŸ˜€
      </p>
      <p
        className="display-1"
      >
        ðŸ˜¥
      </p>
      <p
        className="display-1"
      >
        ðŸ¥±
      </p>
    </div>
    <p
      className="display-3"
    >
      â†“
    </p>
    <p
      className="display-4"
    >
      Get mood-matched personalised recommendations!
    </p>
  </div>
</div>
`;
